
> hilmost_main@0.1.0 build
> next build

⚠ Specified "headers" will not automatically work with "output: export". See more info here: https://nextjs.org/docs/messages/export-no-custom-routes
▲ Next.js 16.2.9 (Turbopack)

  Creating an optimized production build ...
⚠ Specified "headers" will not automatically work with "output: export". See more info here: https://nextjs.org/docs/messages/export-no-custom-routes
✓ Compiled successfully in 4.6s
  Running TypeScript ...
  Finished TypeScript in 4.2s ...
  Collecting page data using 11 workers ...
  Generating static pages using 11 workers (0/29) ...
  Generating static pages using 11 workers (7/29) 
  Generating static pages using 11 workers (14/29) 
  Generating static pages using 11 workers (21/29) 
✓ Generating static pages using 11 workers (29/29) in 840ms
  Finalizing page optimization ...
⚠ rewrites, redirects, and headers are not applied when exporting your application, detected (headers). See more info here: https://nextjs.org/docs/messages/export-no-custom-routes

Route (app)
┌ ○ /
├ ○ /_not-found
├ ○ /.well-known/api-catalog
├ ○ /about
├ ○ /blog
├ ○ /blog/building-a-private-password-generator
├ ○ /blog/building-software-as-a-quiet-practice
├ ○ /blog/self-improvement-distracted-world
├ ○ /blog/six-month-war-with-a-date-picker
├ ○ /blog/six-week-indexing-stall
├ ○ /blog/the-question-i-cant-stop-asking
├ ○ /blog/the-real-cost-of-a-bad-password
├ ○ /blog/time-zones-are-harder-than-they-look
├ ○ /blog/what-music-taught-me-about-debugging
├ ○ /blog/why-i-still-think-like-a-gamer-when-i-build-tools
├ ○ /blog/why-our-currency-converter-has-50-currencies
├ ○ /blog/why-we-built-the-toolbox
├ ○ /careers
├ ○ /contact
├ ○ /cookie-policy
├ ○ /healthhub
├ ○ /icon.svg
├ ○ /privacy-policy
├ ○ /sitemap.xml
├ ○ /softwarehub
├ ○ /softwarehub/apps
├ ○ /softwarehub/games
└ ○ /terms-of-service


○  (Static)  prerendered as static content

